------------------------------------------------------------
TimeQuest Timing Analyzer Summary
------------------------------------------------------------

Type  : Slow 1200mV 85C Model Setup 'pll_aud|altpll_component|auto_generated|pll1|clk[1]'
Slack : 2.391
TNS   : 0.000

Type  : Slow 1200mV 85C Model Setup 'pll|altpll_component|auto_generated|pll1|clk[0]'
Slack : 2.574
TNS   : 0.000

Type  : Slow 1200mV 85C Model Setup 'pll|altpll_component|auto_generated|pll1|clk[1]'
Slack : 4.883
TNS   : 0.000

Type  : Slow 1200mV 85C Model Setup 'SPI_SCK'
Slack : 11.414
TNS   : 0.000

Type  : Slow 1200mV 85C Model Setup 'pll_aud|altpll_component|auto_generated|pll1|clk[0]'
Slack : 544.386
TNS   : 0.000

Type  : Slow 1200mV 85C Model Hold 'pll|altpll_component|auto_generated|pll1|clk[0]'
Slack : 0.445
TNS   : 0.000

Type  : Slow 1200mV 85C Model Hold 'pll_aud|altpll_component|auto_generated|pll1|clk[0]'
Slack : 0.454
TNS   : 0.000

Type  : Slow 1200mV 85C Model Hold 'pll|altpll_component|auto_generated|pll1|clk[1]'
Slack : 0.454
TNS   : 0.000

Type  : Slow 1200mV 85C Model Hold 'SPI_SCK'
Slack : 0.485
TNS   : 0.000

Type  : Slow 1200mV 85C Model Hold 'pll_aud|altpll_component|auto_generated|pll1|clk[1]'
Slack : 0.740
TNS   : 0.000

Type  : Slow 1200mV 85C Model Recovery 'SPI_SCK'
Slack : 15.819
TNS   : 0.000

Type  : Slow 1200mV 85C Model Recovery 'pll|altpll_component|auto_generated|pll1|clk[1]'
Slack : 78.374
TNS   : 0.000

Type  : Slow 1200mV 85C Model Removal 'SPI_SCK'
Slack : 3.190
TNS   : 0.000

Type  : Slow 1200mV 85C Model Removal 'pll|altpll_component|auto_generated|pll1|clk[1]'
Slack : 4.131
TNS   : 0.000

Type  : Slow 1200mV 85C Model Minimum Pulse Width 'pll_aud|altpll_component|auto_generated|pll1|clk[1]'
Slack : 5.277
TNS   : 0.000

Type  : Slow 1200mV 85C Model Minimum Pulse Width 'pll|altpll_component|auto_generated|pll1|clk[0]'
Slack : 6.511
TNS   : 0.000

Type  : Slow 1200mV 85C Model Minimum Pulse Width 'CLOCK_27'
Slack : 18.377
TNS   : 0.000

Type  : Slow 1200mV 85C Model Minimum Pulse Width 'SPI_SCK'
Slack : 20.363
TNS   : 0.000

Type  : Slow 1200mV 85C Model Minimum Pulse Width 'pll|altpll_component|auto_generated|pll1|clk[1]'
Slack : 83.025
TNS   : 0.000

Type  : Slow 1200mV 85C Model Minimum Pulse Width 'pll_aud|altpll_component|auto_generated|pll1|clk[0]'
Slack : 558.735
TNS   : 0.000

Type  : Slow 1200mV 0C Model Setup 'pll|altpll_component|auto_generated|pll1|clk[0]'
Slack : 3.273
TNS   : 0.000

Type  : Slow 1200mV 0C Model Setup 'pll_aud|altpll_component|auto_generated|pll1|clk[1]'
Slack : 3.330
TNS   : 0.000

Type  : Slow 1200mV 0C Model Setup 'pll|altpll_component|auto_generated|pll1|clk[1]'
Slack : 5.285
TNS   : 0.000

Type  : Slow 1200mV 0C Model Setup 'SPI_SCK'
Slack : 12.165
TNS   : 0.000

Type  : Slow 1200mV 0C Model Setup 'pll_aud|altpll_component|auto_generated|pll1|clk[0]'
Slack : 545.072
TNS   : 0.000

Type  : Slow 1200mV 0C Model Hold 'pll|altpll_component|auto_generated|pll1|clk[0]'
Slack : 0.402
TNS   : 0.000

Type  : Slow 1200mV 0C Model Hold 'pll|altpll_component|auto_generated|pll1|clk[1]'
Slack : 0.402
TNS   : 0.000

Type  : Slow 1200mV 0C Model Hold 'pll_aud|altpll_component|auto_generated|pll1|clk[0]'
Slack : 0.405
TNS   : 0.000

Type  : Slow 1200mV 0C Model Hold 'SPI_SCK'
Slack : 0.430
TNS   : 0.000

Type  : Slow 1200mV 0C Model Hold 'pll_aud|altpll_component|auto_generated|pll1|clk[1]'
Slack : 0.688
TNS   : 0.000

Type  : Slow 1200mV 0C Model Recovery 'SPI_SCK'
Slack : 16.439
TNS   : 0.000

Type  : Slow 1200mV 0C Model Recovery 'pll|altpll_component|auto_generated|pll1|clk[1]'
Slack : 78.732
TNS   : 0.000

Type  : Slow 1200mV 0C Model Removal 'SPI_SCK'
Slack : 2.937
TNS   : 0.000

Type  : Slow 1200mV 0C Model Removal 'pll|altpll_component|auto_generated|pll1|clk[1]'
Slack : 3.690
TNS   : 0.000

Type  : Slow 1200mV 0C Model Minimum Pulse Width 'pll_aud|altpll_component|auto_generated|pll1|clk[1]'
Slack : 5.281
TNS   : 0.000

Type  : Slow 1200mV 0C Model Minimum Pulse Width 'pll|altpll_component|auto_generated|pll1|clk[0]'
Slack : 6.547
TNS   : 0.000

Type  : Slow 1200mV 0C Model Minimum Pulse Width 'CLOCK_27'
Slack : 18.378
TNS   : 0.000

Type  : Slow 1200mV 0C Model Minimum Pulse Width 'SPI_SCK'
Slack : 20.204
TNS   : 0.000

Type  : Slow 1200mV 0C Model Minimum Pulse Width 'pll|altpll_component|auto_generated|pll1|clk[1]'
Slack : 83.025
TNS   : 0.000

Type  : Slow 1200mV 0C Model Minimum Pulse Width 'pll_aud|altpll_component|auto_generated|pll1|clk[0]'
Slack : 558.738
TNS   : 0.000

Type  : Fast 1200mV 0C Model Setup 'pll|altpll_component|auto_generated|pll1|clk[0]'
Slack : 5.617
TNS   : 0.000

Type  : Fast 1200mV 0C Model Setup 'pll_aud|altpll_component|auto_generated|pll1|clk[1]'
Slack : 6.228
TNS   : 0.000

Type  : Fast 1200mV 0C Model Setup 'pll|altpll_component|auto_generated|pll1|clk[1]'
Slack : 9.719
TNS   : 0.000

Type  : Fast 1200mV 0C Model Setup 'SPI_SCK'
Slack : 15.394
TNS   : 0.000

Type  : Fast 1200mV 0C Model Setup 'pll_aud|altpll_component|auto_generated|pll1|clk[0]'
Slack : 552.500
TNS   : 0.000

Type  : Fast 1200mV 0C Model Hold 'pll|altpll_component|auto_generated|pll1|clk[0]'
Slack : 0.154
TNS   : 0.000

Type  : Fast 1200mV 0C Model Hold 'pll_aud|altpll_component|auto_generated|pll1|clk[0]'
Slack : 0.185
TNS   : 0.000

Type  : Fast 1200mV 0C Model Hold 'pll|altpll_component|auto_generated|pll1|clk[1]'
Slack : 0.185
TNS   : 0.000

Type  : Fast 1200mV 0C Model Hold 'SPI_SCK'
Slack : 0.199
TNS   : 0.000

Type  : Fast 1200mV 0C Model Hold 'pll_aud|altpll_component|auto_generated|pll1|clk[1]'
Slack : 0.295
TNS   : 0.000

Type  : Fast 1200mV 0C Model Recovery 'SPI_SCK'
Slack : 17.218
TNS   : 0.000

Type  : Fast 1200mV 0C Model Recovery 'pll|altpll_component|auto_generated|pll1|clk[1]'
Slack : 81.062
TNS   : 0.000

Type  : Fast 1200mV 0C Model Removal 'SPI_SCK'
Slack : 1.532
TNS   : 0.000

Type  : Fast 1200mV 0C Model Removal 'pll|altpll_component|auto_generated|pll1|clk[1]'
Slack : 1.858
TNS   : 0.000

Type  : Fast 1200mV 0C Model Minimum Pulse Width 'pll_aud|altpll_component|auto_generated|pll1|clk[1]'
Slack : 5.370
TNS   : 0.000

Type  : Fast 1200mV 0C Model Minimum Pulse Width 'pll|altpll_component|auto_generated|pll1|clk[0]'
Slack : 6.691
TNS   : 0.000

Type  : Fast 1200mV 0C Model Minimum Pulse Width 'CLOCK_27'
Slack : 17.931
TNS   : 0.000

Type  : Fast 1200mV 0C Model Minimum Pulse Width 'SPI_SCK'
Slack : 19.879
TNS   : 0.000

Type  : Fast 1200mV 0C Model Minimum Pulse Width 'pll|altpll_component|auto_generated|pll1|clk[1]'
Slack : 83.079
TNS   : 0.000

Type  : Fast 1200mV 0C Model Minimum Pulse Width 'pll_aud|altpll_component|auto_generated|pll1|clk[0]'
Slack : 558.801
TNS   : 0.000

------------------------------------------------------------
